Godot Engine v4.7.2.stable.official.ed1daf0bf - https://godotengine.org

ERROR: [CardDB] 未知敌人 id: lurker
   at: push_error (core/variant/variant_utility.cpp:1023)
   GDScript backtrace (most recent call first):
       [0] get_enemy (res://src/autoload/card_db.gd:185)
       [1] start_new_combat (res://src/ui/combat_view.gd:459)
       [2] _ready (res://src/ui/combat_view.gd:92)
ERROR: [CardDB] 未知敌人 id: sentry
   at: push_error (core/variant/variant_utility.cpp:1023)
   GDScript backtrace (most recent call first):
       [0] get_enemy (res://src/autoload/card_db.gd:185)
       [1] start_new_combat (res://src/ui/combat_view.gd:459)
       [2] _ready (res://src/ui/combat_view.gd:92)
SCRIPT ERROR: Invalid access to property or key 'max_hp' on a base object of type 'Nil'.
   at: CombatManager._make_enemy (res://src/core/combat_manager.gd:122)
   GDScript backtrace (most recent call first):
       [0] _make_enemy (res://src/core/combat_manager.gd:122)
       [1] start_combat (res://src/core/combat_manager.gd:112)
       [2] start_new_combat (res://src/ui/combat_view.gd:460)
       [3] _ready (res://src/ui/combat_view.gd:92)
SCRIPT ERROR: Invalid access to property or key 'max_hp' on a base object of type 'Nil'.
   at: CombatManager._make_enemy (res://src/core/combat_manager.gd:122)
   GDScript backtrace (most recent call first):
       [0] _make_enemy (res://src/core/combat_manager.gd:122)
       [1] start_combat (res://src/core/combat_manager.gd:112)
       [2] start_new_combat (res://src/ui/combat_view.gd:460)
       [3] _ready (res://src/ui/combat_view.gd:92)
SCRIPT ERROR: Invalid access to property or key 'alive' on a base object of type 'Dictionary'.
   at: CombatManager._alive_enemies (res://src/core/combat_manager.gd:545)
   GDScript backtrace (most recent call first):
       [0] _alive_enemies (res://src/core/combat_manager.gd:545)
       [1] _check_combat_over (res://src/core/combat_manager.gd:560)
       [2] _start_player_turn (res://src/core/combat_manager.gd:138)
       [3] start_combat (res://src/core/combat_manager.gd:118)
       [4] start_new_combat (res://src/ui/combat_view.gd:460)
       [5] _ready (res://src/ui/combat_view.gd:92)
SCRIPT ERROR: Invalid access to property or key 'max_hp' on a base object of type 'Dictionary'.
   at: _apply_snapshot (res://src/ui/combat_view.gd:513)
   GDScript backtrace (most recent call first):
       [0] _apply_snapshot (res://src/ui/combat_view.gd:513)
       [1] start_new_combat (res://src/ui/combat_view.gd:462)
       [2] _ready (res://src/ui/combat_view.gd:92)
[CardDB] 已加载 19 张卡，2 个敌人
[CardArt] 已加载卡面精灵表：19 张
McpInteractionServer: Listening on 127.0.0.1:9090
PRESENTATION_COMPILE_OK
McpInteractionServer: Stopped
